#-----------------------------------------------------------
# Vivado v2024.1 (64-bit)
# SW Build 5076996 on Wed May 22 18:37:14 MDT 2024
# IP Build 5075265 on Wed May 22 21:45:21 MDT 2024
# SharedData Build 5076995 on Wed May 22 18:29:18 MDT 2024
# Start of session at: Fri Mar  7 10:56:06 2025
# Process ID: 10088
# Current directory: C:/Modelado/Practica_Modelado/Practica_libre/Proyecto_practica_libre/Proyecto_practica_libre.runs/impl_1
# Command line: vivado.exe -log display_controller.vdi -applog -product Vivado -messageDb vivado.pb -mode batch -source display_controller.tcl -notrace
# Log file: C:/Modelado/Practica_Modelado/Practica_libre/Proyecto_practica_libre/Proyecto_practica_libre.runs/impl_1/display_controller.vdi
# Journal file: C:/Modelado/Practica_Modelado/Practica_libre/Proyecto_practica_libre/Proyecto_practica_libre.runs/impl_1\vivado.jou
# Running On        :LAPTOP-I1QQ8O5Q
# Platform          :Windows Server 2016 or Windows 10
# Operating System  :26100
# Processor Detail  :11th Gen Intel(R) Core(TM) i7-1165G7 @ 2.80GHz
# CPU Frequency     :2803 MHz
# CPU Physical cores:4
# CPU Logical cores :8
# Host memory       :8379 MB
# Swap memory       :8379 MB
# Total Virtual     :16758 MB
# Available Virtual :3079 MB
#-----------------------------------------------------------
source display_controller.tcl -notrace
